[ +385 ms] Artifact Instance of 'AndroidGenSnapshotArtifacts' is not required, skipping update.
[  +45 ms] Artifact Instance of 'AndroidInternalBuildArtifacts' is not required, skipping update.
[        ] Artifact Instance of 'IOSEngineArtifacts' is not required, skipping update.
[        ] Artifact Instance of 'FlutterWebSdk' is not required, skipping update.
[  +23 ms] Artifact Instance of 'LegacyCanvasKitRemover' is not required, skipping update.
[  +13 ms] Artifact Instance of 'WindowsEngineArtifacts' is not required, skipping update.
[        ] Artifact Instance of 'MacOSEngineArtifacts' is not required, skipping update.
[        ] Artifact Instance of 'LinuxEngineArtifacts' is not required, skipping update.
[        ] Artifact Instance of 'LinuxFuchsiaSDKArtifacts' is not required, skipping update.
[        ] Artifact Instance of 'MacOSFuchsiaSDKArtifacts' is not required, skipping update.
[        ] Artifact Instance of 'FlutterRunnerSDKArtifacts' is not required, skipping update.
[        ] Artifact Instance of 'FlutterRunnerDebugSymbols' is not required, skipping update.
[ +201 ms] Artifact Instance of 'MaterialFonts' is not required, skipping update.
[        ] Artifact Instance of 'GradleWrapper' is not required, skipping update.
[  +10 ms] Artifact Instance of 'AndroidInternalBuildArtifacts' is not required, skipping update.
[   +1 ms] Artifact Instance of 'IOSEngineArtifacts' is not required, skipping update.
[  +12 ms] Artifact Instance of 'FlutterWebSdk' is not required, skipping update.
[        ] Artifact Instance of 'LegacyCanvasKitRemover' is not required, skipping update.
[        ] Artifact Instance of 'FlutterSdk' is not required, skipping update.
[        ] Artifact Instance of 'WindowsEngineArtifacts' is not required, skipping update.
[        ] Artifact Instance of 'MacOSEngineArtifacts' is not required, skipping update.
[        ] Artifact Instance of 'LinuxEngineArtifacts' is not required, skipping update.
[        ] Artifact Instance of 'LinuxFuchsiaSDKArtifacts' is not required, skipping update.
[        ] Artifact Instance of 'MacOSFuchsiaSDKArtifacts' is not required, skipping update.
[        ] Artifact Instance of 'FlutterRunnerSDKArtifacts' is not required, skipping update.
[        ] Artifact Instance of 'FlutterRunnerDebugSymbols' is not required, skipping update.
[        ] Artifact Instance of 'IosUsbArtifacts' is not required, skipping update.
[        ] Artifact Instance of 'IosUsbArtifacts' is not required, skipping update.
[        ] Artifact Instance of 'IosUsbArtifacts' is not required, skipping update.
[        ] Artifact Instance of 'IosUsbArtifacts' is not required, skipping update.
[        ] Artifact Instance of 'IosUsbArtifacts' is not required, skipping update.
[        ] Artifact Instance of 'FontSubsetArtifacts' is not required, skipping update.
[        ] Artifact Instance of 'PubDependencies' is not required, skipping update.
[ +673 ms] Skipping pub get: version match.
[ +239 ms] Found plugin appkit_ui_element_colors at C:\Users\acc3s\AppData\Local\Pub\Cache\hosted\pub.dev\appkit_ui_element_colors-1.0.0\
[  +65 ms] Found plugin audioplayers at C:\Users\acc3s\AppData\Local\Pub\Cache\hosted\pub.dev\audioplayers-5.2.1\
[  +20 ms] Found plugin audioplayers_android at C:\Users\acc3s\AppData\Local\Pub\Cache\hosted\pub.dev\audioplayers_android-4.0.3\
[  +11 ms] Found plugin audioplayers_darwin at C:\Users\acc3s\AppData\Local\Pub\Cache\hosted\pub.dev\audioplayers_darwin-5.0.2\
[   +9 ms] Found plugin audioplayers_linux at C:\Users\acc3s\AppData\Local\Pub\Cache\hosted\pub.dev\audioplayers_linux-3.1.0\
[  +16 ms] Found plugin audioplayers_web at C:\Users\acc3s\AppData\Local\Pub\Cache\hosted\pub.dev\audioplayers_web-4.1.0\
[   +9 ms] Found plugin audioplayers_windows at C:\Users\acc3s\AppData\Local\Pub\Cache\hosted\pub.dev\audioplayers_windows-3.1.0\
[  +33 ms] Found plugin bitsdojo_window at C:\Users\acc3s\AppData\Local\Pub\Cache\hosted\pub.dev\bitsdojo_window-0.1.5\
[   +6 ms] Found plugin bitsdojo_window_linux at C:\Users\acc3s\AppData\Local\Pub\Cache\hosted\pub.dev\bitsdojo_window_linux-0.1.3\
[  +11 ms] Found plugin bitsdojo_window_macos at C:\Users\acc3s\AppData\Local\Pub\Cache\hosted\pub.dev\bitsdojo_window_macos-0.1.3\
[  +57 ms] Found plugin bitsdojo_window_windows at C:\Users\acc3s\AppData\Local\Pub\Cache\hosted\pub.dev\bitsdojo_window_windows-0.1.5\
[ +141 ms] Found plugin camera at C:\Users\acc3s\AppData\Local\Pub\Cache\hosted\pub.dev\camera-0.10.5+7\
[  +47 ms] Found plugin camera_android at C:\Users\acc3s\AppData\Local\Pub\Cache\hosted\pub.dev\camera_android-0.10.8+15\
[   +8 ms] Found plugin camera_avfoundation at C:\Users\acc3s\AppData\Local\Pub\Cache\hosted\pub.dev\camera_avfoundation-0.9.13+8\
[  +13 ms] Found plugin camera_web at C:\Users\acc3s\AppData\Local\Pub\Cache\hosted\pub.dev\camera_web-0.3.2+3\
[  +30 ms] Found plugin camera_windows at C:\Users\acc3s\AppData\Local\Pub\Cache\hosted\pub.dev\camera_windows-0.2.1+8\
[  +72 ms] Found plugin device_info at C:\Users\acc3s\AppData\Local\Pub\Cache\hosted\pub.dev\device_info-2.0.3\
[  +15 ms] Found plugin dynamic_color at C:\Users\acc3s\AppData\Local\Pub\Cache\hosted\pub.dev\dynamic_color-1.6.8\
[  +55 ms] Found plugin flutter_plugin_android_lifecycle at C:\Users\acc3s\AppData\Local\Pub\Cache\hosted\pub.dev\flutter_plugin_android_lifecycle-2.0.17\
[   +9 ms] Found plugin flutter_udid at C:\Users\acc3s\AppData\Local\Pub\Cache\hosted\pub.dev\flutter_udid-2.0.1\
[  +13 ms] Found plugin gallery_saver at C:\Users\acc3s\AppData\Local\Pub\Cache\hosted\pub.dev\gallery_saver-2.3.2\
[  +57 ms] Found plugin macos_ui at C:\Users\acc3s\AppData\Local\Pub\Cache\hosted\pub.dev\macos_ui-2.0.2\
[   +4 ms] Found plugin macos_window_utils at C:\Users\acc3s\AppData\Local\Pub\Cache\hosted\pub.dev\macos_window_utils-1.4.0\
[  +18 ms] Found plugin mobile_scanner at C:\Users\acc3s\AppData\Local\Pub\Cache\hosted\pub.dev\mobile_scanner-3.5.5\
[  +14 ms] Found plugin objectbox_flutter_libs at C:\Users\acc3s\AppData\Local\Pub\Cache\hosted\pub.dev\objectbox_flutter_libs-2.4.0\
[  +17 ms] Found plugin path_provider at C:\Users\acc3s\AppData\Local\Pub\Cache\hosted\pub.dev\path_provider-2.1.1\
[   +4 ms] Found plugin path_provider_android at C:\Users\acc3s\AppData\Local\Pub\Cache\hosted\pub.dev\path_provider_android-2.2.1\
[   +4 ms] Found plugin path_provider_foundation at C:\Users\acc3s\AppData\Local\Pub\Cache\hosted\pub.dev\path_provider_foundation-2.3.1\
[   +4 ms] Found plugin path_provider_linux at C:\Users\acc3s\AppData\Local\Pub\Cache\hosted\pub.dev\path_provider_linux-2.2.1\
[   +8 ms] Found plugin path_provider_windows at C:\Users\acc3s\AppData\Local\Pub\Cache\hosted\pub.dev\path_provider_windows-2.2.1\
[  +15 ms] Found plugin platform_device_id_linux at C:\Users\acc3s\AppData\Local\Pub\Cache\hosted\pub.dev\platform_device_id_linux-1.0.0\
[   +4 ms] Found plugin platform_device_id_macos at C:\Users\acc3s\AppData\Local\Pub\Cache\hosted\pub.dev\platform_device_id_macos-1.0.0\
[   +7 ms] Found plugin platform_device_id_v3 at C:\Users\acc3s\AppData\Local\Pub\Cache\hosted\pub.dev\platform_device_id_v3-1.0.0\
[   +3 ms] Found plugin platform_device_id_web at C:\Users\acc3s\AppData\Local\Pub\Cache\hosted\pub.dev\platform_device_id_web-1.0.0\
[   +3 ms] Found plugin platform_device_id_windows at C:\Users\acc3s\AppData\Local\Pub\Cache\hosted\pub.dev\platform_device_id_windows-1.0.0\
[  +12 ms] Found plugin printing at C:\Users\acc3s\AppData\Local\Pub\Cache\hosted\pub.dev\printing-5.11.1\
[  +14 ms] Found plugin screen_retriever at C:\Users\acc3s\AppData\Local\Pub\Cache\hosted\pub.dev\screen_retriever-0.1.9\
[   +4 ms] Found plugin shared_preferences at C:\Users\acc3s\AppData\Local\Pub\Cache\hosted\pub.dev\shared_preferences-2.2.2\
[   +4 ms] Found plugin shared_preferences_android at C:\Users\acc3s\AppData\Local\Pub\Cache\hosted\pub.dev\shared_preferences_android-2.2.1\
[   +4 ms] Found plugin shared_preferences_foundation at C:\Users\acc3s\AppData\Local\Pub\Cache\hosted\pub.dev\shared_preferences_foundation-2.3.4\
[   +3 ms] Found plugin shared_preferences_linux at C:\Users\acc3s\AppData\Local\Pub\Cache\hosted\pub.dev\shared_preferences_linux-2.3.2\
[   +6 ms] Found plugin shared_preferences_web at C:\Users\acc3s\AppData\Local\Pub\Cache\hosted\pub.dev\shared_preferences_web-2.2.2\
[   +3 ms] Found plugin shared_preferences_windows at C:\Users\acc3s\AppData\Local\Pub\Cache\hosted\pub.dev\shared_preferences_windows-2.3.2\
[  +22 ms] Found plugin sqflite at C:\Users\acc3s\AppData\Local\Pub\Cache\hosted\pub.dev\sqflite-2.3.0\
[  +61 ms] Found plugin window_manager at C:\Users\acc3s\AppData\Local\Pub\Cache\hosted\pub.dev\window_manager-0.3.7\
[ +315 ms] Found plugin appkit_ui_element_colors at C:\Users\acc3s\AppData\Local\Pub\Cache\hosted\pub.dev\appkit_ui_element_colors-1.0.0\
[  +10 ms] Found plugin audioplayers at C:\Users\acc3s\AppData\Local\Pub\Cache\hosted\pub.dev\audioplayers-5.2.1\
[   +3 ms] Found plugin audioplayers_android at C:\Users\acc3s\AppData\Local\Pub\Cache\hosted\pub.dev\audioplayers_android-4.0.3\
[   +3 ms] Found plugin audioplayers_darwin at C:\Users\acc3s\AppData\Local\Pub\Cache\hosted\pub.dev\audioplayers_darwin-5.0.2\
[   +3 ms] Found plugin audioplayers_linux at C:\Users\acc3s\AppData\Local\Pub\Cache\hosted\pub.dev\audioplayers_linux-3.1.0\
[   +5 ms] Found plugin audioplayers_web at C:\Users\acc3s\AppData\Local\Pub\Cache\hosted\pub.dev\audioplayers_web-4.1.0\
[   +2 ms] Found plugin audioplayers_windows at C:\Users\acc3s\AppData\Local\Pub\Cache\hosted\pub.dev\audioplayers_windows-3.1.0\
[  +17 ms] Found plugin bitsdojo_window at C:\Users\acc3s\AppData\Local\Pub\Cache\hosted\pub.dev\bitsdojo_window-0.1.5\
[   +3 ms] Found plugin bitsdojo_window_linux at C:\Users\acc3s\AppData\Local\Pub\Cache\hosted\pub.dev\bitsdojo_window_linux-0.1.3\
[   +2 ms] Found plugin bitsdojo_window_macos at C:\Users\acc3s\AppData\Local\Pub\Cache\hosted\pub.dev\bitsdojo_window_macos-0.1.3\
[   +6 ms] Found plugin bitsdojo_window_windows at C:\Users\acc3s\AppData\Local\Pub\Cache\hosted\pub.dev\bitsdojo_window_windows-0.1.5\
[  +24 ms] Found plugin camera at C:\Users\acc3s\AppData\Local\Pub\Cache\hosted\pub.dev\camera-0.10.5+7\
[   +4 ms] Found plugin camera_android at C:\Users\acc3s\AppData\Local\Pub\Cache\hosted\pub.dev\camera_android-0.10.8+15\
[   +3 ms] Found plugin camera_avfoundation at C:\Users\acc3s\AppData\Local\Pub\Cache\hosted\pub.dev\camera_avfoundation-0.9.13+8\
[  +11 ms] Found plugin camera_web at C:\Users\acc3s\AppData\Local\Pub\Cache\hosted\pub.dev\camera_web-0.3.2+3\
[   +3 ms] Found plugin camera_windows at C:\Users\acc3s\AppData\Local\Pub\Cache\hosted\pub.dev\camera_windows-0.2.1+8\
[  +30 ms] Found plugin device_info at C:\Users\acc3s\AppData\Local\Pub\Cache\hosted\pub.dev\device_info-2.0.3\
[   +7 ms] Found plugin dynamic_color at C:\Users\acc3s\AppData\Local\Pub\Cache\hosted\pub.dev\dynamic_color-1.6.8\
[  +26 ms] Found plugin flutter_plugin_android_lifecycle at C:\Users\acc3s\AppData\Local\Pub\Cache\hosted\pub.dev\flutter_plugin_android_lifecycle-2.0.17\
[   +5 ms] Found plugin flutter_udid at C:\Users\acc3s\AppData\Local\Pub\Cache\hosted\pub.dev\flutter_udid-2.0.1\
[   +7 ms] Found plugin gallery_saver at C:\Users\acc3s\AppData\Local\Pub\Cache\hosted\pub.dev\gallery_saver-2.3.2\
[  +35 ms] Found plugin macos_ui at C:\Users\acc3s\AppData\Local\Pub\Cache\hosted\pub.dev\macos_ui-2.0.2\
[   +3 ms] Found plugin macos_window_utils at C:\Users\acc3s\AppData\Local\Pub\Cache\hosted\pub.dev\macos_window_utils-1.4.0\
[  +12 ms] Found plugin mobile_scanner at C:\Users\acc3s\AppData\Local\Pub\Cache\hosted\pub.dev\mobile_scanner-3.5.5\
[   +7 ms] Found plugin objectbox_flutter_libs at C:\Users\acc3s\AppData\Local\Pub\Cache\hosted\pub.dev\objectbox_flutter_libs-2.4.0\
[  +11 ms] Found plugin path_provider at C:\Users\acc3s\AppData\Local\Pub\Cache\hosted\pub.dev\path_provider-2.1.1\
[   +3 ms] Found plugin path_provider_android at C:\Users\acc3s\AppData\Local\Pub\Cache\hosted\pub.dev\path_provider_android-2.2.1\
[   +3 ms] Found plugin path_provider_foundation at C:\Users\acc3s\AppData\Local\Pub\Cache\hosted\pub.dev\path_provider_foundation-2.3.1\
[   +2 ms] Found plugin path_provider_linux at C:\Users\acc3s\AppData\Local\Pub\Cache\hosted\pub.dev\path_provider_linux-2.2.1\
[   +4 ms] Found plugin path_provider_windows at C:\Users\acc3s\AppData\Local\Pub\Cache\hosted\pub.dev\path_provider_windows-2.2.1\
[   +8 ms] Found plugin platform_device_id_linux at C:\Users\acc3s\AppData\Local\Pub\Cache\hosted\pub.dev\platform_device_id_linux-1.0.0\
[   +2 ms] Found plugin platform_device_id_macos at C:\Users\acc3s\AppData\Local\Pub\Cache\hosted\pub.dev\platform_device_id_macos-1.0.0\
[   +5 ms] Found plugin platform_device_id_v3 at C:\Users\acc3s\AppData\Local\Pub\Cache\hosted\pub.dev\platform_device_id_v3-1.0.0\
[   +4 ms] Found plugin platform_device_id_web at C:\Users\acc3s\AppData\Local\Pub\Cache\hosted\pub.dev\platform_device_id_web-1.0.0\
[   +2 ms] Found plugin platform_device_id_windows at C:\Users\acc3s\AppData\Local\Pub\Cache\hosted\pub.dev\platform_device_id_windows-1.0.0\
[   +8 ms] Found plugin printing at C:\Users\acc3s\AppData\Local\Pub\Cache\hosted\pub.dev\printing-5.11.1\
[  +11 ms] Found plugin screen_retriever at C:\Users\acc3s\AppData\Local\Pub\Cache\hosted\pub.dev\screen_retriever-0.1.9\
[   +4 ms] Found plugin shared_preferences at C:\Users\acc3s\AppData\Local\Pub\Cache\hosted\pub.dev\shared_preferences-2.2.2\
[   +3 ms] Found plugin shared_preferences_android at C:\Users\acc3s\AppData\Local\Pub\Cache\hosted\pub.dev\shared_preferences_android-2.2.1\
[   +2 ms] Found plugin shared_preferences_foundation at C:\Users\acc3s\AppData\Local\Pub\Cache\hosted\pub.dev\shared_preferences_foundation-2.3.4\
[   +2 ms] Found plugin shared_preferences_linux at C:\Users\acc3s\AppData\Local\Pub\Cache\hosted\pub.dev\shared_preferences_linux-2.3.2\
[   +4 ms] Found plugin shared_preferences_web at C:\Users\acc3s\AppData\Local\Pub\Cache\hosted\pub.dev\shared_preferences_web-2.2.2\
[   +3 ms] Found plugin shared_preferences_windows at C:\Users\acc3s\AppData\Local\Pub\Cache\hosted\pub.dev\shared_preferences_windows-2.3.2\
[  +13 ms] Found plugin sqflite at C:\Users\acc3s\AppData\Local\Pub\Cache\hosted\pub.dev\sqflite-2.3.0\
[  +48 ms] Found plugin window_manager at C:\Users\acc3s\AppData\Local\Pub\Cache\hosted\pub.dev\window_manager-0.3.7\
[  +37 ms] Generating C:\Users\acc3s\OneDrive\Desktop\app\repo_flutter\android\app\src\main\java\io\flutter\plugins\GeneratedPluginRegistrant.java
[ +253 ms] executing: C:\Program Files\Android\Android Studio\jre\bin\java -version
[ +307 ms] Exit code 0 from: C:\Program Files\Android\Android Studio\jre\bin\java -version
[        ] openjdk version "11.0.12" 2021-07-20
           OpenJDK Runtime Environment (build 11.0.12+7-b1504.28-7817840)
           OpenJDK 64-Bit Server VM (build 11.0.12+7-b1504.28-7817840, mixed mode)
[  +22 ms] Version of Android Studio is less than Flamingo (the first impacted version), no migration attempted.
[  +25 ms] Using gradle from C:\Users\acc3s\OneDrive\Desktop\app\repo_flutter\android\gradlew.bat.
[   +1 ms] Running Gradle task 'assembleDebug'...
[   +8 ms] executing: [C:\Users\acc3s\OneDrive\Desktop\app\repo_flutter\android/] C:\Users\acc3s\OneDrive\Desktop\app\repo_flutter\android\gradlew.bat --full-stacktrace --info -Pverbose=true -Ptarget-platform=android-arm,android-arm64,android-x64 -Ptarget=lib\main.dart -Pbase-application-name=android.app.Application -Pdart-obfuscation=false -Ptrack-widget-creation=true -Ptree-shake-icons=false assembleDebug
[+1445 ms] Initialized native services in: C:\Users\acc3s\.gradle\native
[        ] Initialized jansi services in: C:\Users\acc3s\.gradle\native
[+1822 ms] The client will now receive all logging from the daemon (pid: 11384). The daemon log file: C:\Users\acc3s\.gradle\daemon\7.5\daemon-11384.out.log
[   +1 ms] Starting 7th build in daemon [uptime: 1 hrs 7 mins 52.196 secs, performance: 100%]
[   +1 ms] Using 4 worker leases.
[   +4 ms] Now considering [C:\Users\acc3s\OneDrive\Desktop\app\repo_flutter\android] as hierarchies to watch
[   +3 ms] Watching the file system is configured to be enabled if available
[  +21 ms] File system watching is active
[   +1 ms] Starting Build
[   +2 ms] Settings evaluated using settings file 'C:\Users\acc3s\OneDrive\Desktop\app\repo_flutter\android\settings.gradle'.
[  +87 ms] Projects loaded. Root project using build file 'C:\Users\acc3s\OneDrive\Desktop\app\repo_flutter\android\build.gradle'.
[        ] Included projects: [root project 'android', project ':app', project ':audioplayers_android', project ':camera_android', project ':device_info', project ':dynamic_color', project ':flutter_plugin_android_lifecycle', project ':flutter_udid', project ':gallery_saver', project ':mobile_scanner', project ':objectbox_flutter_libs', project ':path_provider_android', project ':platform_device_id_v3', project ':printing', project ':shared_preferences_android', project ':sqflite']
[ +295 ms] > Configure project :app
[        ] Evaluating project ':app' using build file 'C:\Users\acc3s\OneDrive\Desktop\app\repo_flutter\android\app\build.gradle'.
[        ] Using Kotlin Gradle Plugin gradle70 variant
[        ] > Configure project :
[        ] Evaluating root project 'android' using build file 'C:\Users\acc3s\OneDrive\Desktop\app\repo_flutter\android\build.gradle'.
[        ] Could not execute [class org.jetbrains.kotlin.gradle.plugin.statistics.KotlinBuildStatHandler.buildFinished]
[   +2 ms] Watched directory hierarchies: [C:\Users\acc3s\OneDrive\Desktop\app\repo_flutter\android]
[ +171 ms] Running Gradle task 'assembleDebug'... (completed in 4.9s)
[   +6 ms] "flutter apk" took 8,562ms.
[ +106 ms] ensureAnalyticsSent: 87ms
[        ] Running 0 shutdown hooks
[        ] Shutdown hooks complete
[        ] exiting with code 1
